// Jest Snapshot v1, https://goo.gl/fbAQLP

exports[`Header component matches a snapshot 1`] = `
<div
  className="Header"
>
  <NavigationBar
    className="NavigationBar"
  />
  <h1>
    CARPENTER CODE
  </h1>
  <h2>
    Code By Lisa Carpenter
  </h2>
</div>
`;
